2026-10-06 01:26:20 INFO  (LoggingInitialization) Using log config file: jar:file:/home/runner/work/Snap-SS06/Snap-SS06/.work/tool/ghidra_12.1.4_PUBLIC/Ghidra/Framework/Generic/lib/Generic.jar!/generic.log4j.xml  
2026-10-06 01:26:20 INFO  (LoggingInitialization) Using log file: /home/runner/work/Snap-SS06/Snap-SS06/.work/output/decompiled/SnapchatWatchApp-0200000c-00000001/shard-00/ghidra.log  
2026-10-06 01:26:20 DEBUG (GhidraObjectInputFilter) Including serial input filter: FileSystem/data/client.rmi.serial.filter  
2026-10-06 01:26:20 INFO  (Preferences) Loading user preferences: /home/runner/.config/ghidra/ghidra_12.1.4_PUBLIC/preferences  
2026-10-06 01:26:20 INFO  (ClassSearcher) Searching for classes...  
2026-10-06 01:26:21 INFO  (ClassSearcher) Class search complete (1151 ms)  
2026-10-06 01:26:21 INFO  (DefaultSSLContextInitializer) Initializing SSL Context  
2026-10-06 01:26:21 INFO  (SecureRandomFactory) Initializing Random Number Generator...  
2026-10-06 01:26:21 INFO  (SecureRandomFactory) Random Number Generator initialization complete: NativePRNGNonBlocking  
2026-10-06 01:26:21 INFO  (DefaultTrustManagerFactory) Trust manager disabled, cacerts have not been set  
2026-10-06 01:26:21 INFO  (AnalyzeHeadless) Headless startup complete (2403 ms)  
2026-10-06 01:26:21 INFO  (ClassSearcher) Class searcher loaded 59 extension points (20 false positives)  
2026-10-06 01:26:22 INFO  (HeadlessAnalyzer) HEADLESS Script Paths:
    /home/runner/work/Snap-SS06/Snap-SS06/.work/tool/ghidra_12.1.4_PUBLIC/Ghidra/Processors/PIC/ghidra_scripts
    /home/runner/work/Snap-SS06/Snap-SS06/.work/tool/ghidra_12.1.4_PUBLIC/Ghidra/Features/MicrosoftCodeAnalyzer/ghidra_scripts
    /home/runner/work/Snap-SS06/Snap-SS06/.work/tool/ghidra_12.1.4_PUBLIC/Ghidra/Processors/JVM/ghidra_scripts
    /home/runner/work/Snap-SS06/Snap-SS06/.work/tool/ghidra_12.1.4_PUBLIC/Ghidra/Debug/Debugger-rmi-trace/ghidra_scripts
    /home/runner/work/Snap-SS06/Snap-SS06/.work/tool/ghidra_12.1.4_PUBLIC/Ghidra/Features/SwiftDemangler/ghidra_scripts
    /home/runner/work/Snap-SS06/Snap-SS06/.work/tool/ghidra_12.1.4_PUBLIC/Ghidra/Features/DecompilerDependent/ghidra_scripts
    /home/runner/work/Snap-SS06/Snap-SS06/.work/tool/ghidra_12.1.4_PUBLIC/Ghidra/Features/Base/ghidra_scripts
    /home/runner/work/Snap-SS06/Snap-SS06/.work/tool/ghidra_12.1.4_PUBLIC/Ghidra/Features/WildcardAssembler/ghidra_scripts
    /home/runner/work/Snap-SS06/Snap-SS06/.work/tool/ghidra_12.1.4_PUBLIC/Ghidra/Features/PyGhidra/ghidra_scripts
    /home/runner/work/Snap-SS06/Snap-SS06/.work/tool/ghidra_12.1.4_PUBLIC/Ghidra/Processors/8051/ghidra_scripts
    /home/runner/work/Snap-SS06/Snap-SS06/.work/tool/ghidra_12.1.4_PUBLIC/Ghidra/Features/BSim/ghidra_scripts
    /home/runner/work/Snap-SS06/Snap-SS06/.work/tool/ghidra_12.1.4_PUBLIC/Ghidra/Features/GnuDemangler/ghidra_scripts
    /home/runner/work/Snap-SS06/Snap-SS06/.work/tool/ghidra_12.1.4_PUBLIC/Ghidra/Features/BytePatterns/ghidra_scripts
    /home/runner/work/Snap-SS06/Snap-SS06/.work/tool/ghidra_12.1.4_PUBLIC/Ghidra/Features/VersionTracking/ghidra_scripts
    /home/runner/work/Snap-SS06/Snap-SS06/scripts
    /home/runner/work/Snap-SS06/Snap-SS06/.work/tool/ghidra_12.1.4_PUBLIC/Ghidra/Processors/DATA/ghidra_scripts
    /home/runner/work/Snap-SS06/Snap-SS06/.work/tool/ghidra_12.1.4_PUBLIC/Ghidra/Features/FileFormats/ghidra_scripts
    /home/runner/work/Snap-SS06/Snap-SS06/.work/tool/ghidra_12.1.4_PUBLIC/Ghidra/Features/SystemEmulation/ghidra_scripts
    /home/runner/work/Snap-SS06/Snap-SS06/.work/tool/ghidra_12.1.4_PUBLIC/Ghidra/Features/PDB/ghidra_scripts
    /home/runner/work/Snap-SS06/Snap-SS06/.work/tool/ghidra_12.1.4_PUBLIC/Ghidra/Processors/Atmel/ghidra_scripts
    /home/runner/work/Snap-SS06/Snap-SS06/.work/tool/ghidra_12.1.4_PUBLIC/Ghidra/Features/FunctionID/ghidra_scripts
    /home/runner/work/Snap-SS06/Snap-SS06/.work/tool/ghidra_12.1.4_PUBLIC/Ghidra/Features/Decompiler/ghidra_scripts
    /home/runner/work/Snap-SS06/Snap-SS06/.work/tool/ghidra_12.1.4_PUBLIC/Ghidra/Debug/Debugger/ghidra_scripts  
2026-10-06 01:26:22 INFO  (HeadlessAnalyzer) HEADLESS: execution starts  
2026-10-06 01:26:22 INFO  (HeadlessAnalyzer) Creating temporary project: /tmp/snap-ss06-ghidra-hnymobnn/analysis  
2026-10-06 01:26:22 INFO  (DefaultProject) Creating project: /tmp/snap-ss06-ghidra-hnymobnn/analysis  
2026-10-06 01:26:22 INFO  (HeadlessAnalyzer) REPORT: Processing input files:   
2026-10-06 01:26:22 INFO  (HeadlessAnalyzer)      project: /tmp/snap-ss06-ghidra-hnymobnn/analysis  
2026-10-06 01:26:22 INFO  (HeadlessAnalyzer) IMPORTING: file:///home/runner/work/Snap-SS06/Snap-SS06/.work/inputs/SnapchatWatchApp-0200000c-00000001/binary  
2026-10-06 01:26:23 INFO  (ProgramLoader) Using Loader: Mac OS X Mach-O  
2026-10-06 01:26:23 INFO  (ProgramLoader) Using Language/Compiler: AARCH64:LE:32:ilp32:default  
2026-10-06 01:26:23 INFO  (ProgramLoader) Using Library Search Path: [., /bin, /lib, /lib64, /lib/x86_64-linux-gnu, /lib/aarch64-linux-gnu, /usr/bin, /usr/lib, /usr/X11R6/bin, /usr/X11R6/lib, /usr/java/packages/lib, /usr/lib64]  
2026-10-06 01:26:25 INFO  (ProgramLoader) Additional info:
Loading file:///home/runner/work/Snap-SS06/Snap-SS06/.work/inputs/SnapchatWatchApp-0200000c-00000001/binary?MD5=b7e5afdfb0c8515ebd7908a9cb20a837...
Discovered 779 DYLD_CHAINED_PTR_32 chained pointers.
Fixed up 779 chained pointers.
binary: installed 8 objc SpecExtensions
------------------------------------------------

Linking the External Programs of 'binary' to imported libraries...
  [/System/Library/Frameworks/Foundation.framework/Foundation] -> not found in project
  [/System/Library/Frameworks/Security.framework/Security] -> not found in project
  [/usr/lib/libc++.1.dylib] -> not found in project
  [/System/Library/Frameworks/UIKit.framework/UIKit] -> not found in project
  [/usr/lib/libobjc.A.dylib] -> not found in project
  [/usr/lib/libSystem.B.dylib] -> not found in project
  [/System/Library/Frameworks/Combine.framework/Combine] -> not found in project
  [/System/Library/Frameworks/CoreFoundation.framework/CoreFoundation] -> not found in project
  [/System/Library/Frameworks/SwiftUI.framework/SwiftUI] -> not found in project
  [/System/Library/Frameworks/UserNotifications.framework/UserNotifications] -> not found in project
  [/System/Library/Frameworks/WatchConnectivity.framework/WatchConnectivity] -> not found in project
  [/System/Library/Frameworks/WatchKit.framework/WatchKit] -> not found in project
  [/usr/lib/swift/libswiftCore.dylib] -> not found in project
  [/usr/lib/swift/libswiftCoreFoundation.dylib] -> not found in project
  [/usr/lib/swift/libswiftCoreLocation.dylib] -> not found in project
  [/usr/lib/swift/libswiftDarwin.dylib] -> not found in project
  [/usr/lib/swift/libswiftDispatch.dylib] -> not found in project
  [/usr/lib/swift/libswiftMapKit.dylib] -> not found in project
  [/usr/lib/swift/libswiftOSLog.dylib] -> not found in project
  [/usr/lib/swift/libswiftObjectiveC.dylib] -> not found in project
  [/usr/lib/swift/libswiftQuartzCore.dylib] -> not found in project
  [/usr/lib/swift/libswiftSceneKit.dylib] -> not found in project
  [/usr/lib/swift/libswiftSpatial.dylib] -> not found in project
  [/usr/lib/swift/libswiftUniformTypeIdentifiers.dylib] -> not found in project
  [/usr/lib/swift/libswiftWatchKit.dylib] -> not found in project
  [/usr/lib/swift/libswift_Concurrency.dylib] -> not found in project
  [/usr/lib/swift/libswiftos.dylib] -> not found in project
  [/usr/lib/swift/libswiftsimd.dylib] -> not found in project
  [/usr/lib/swift/libswiftUIKit.dylib] -> not found in project
------------------------------------------------

  
2026-10-06 01:26:25 INFO  (HeadlessAnalyzer) IMPORTING: Loaded 0 additional files  
2026-10-06 01:26:25 INFO  (HeadlessAnalyzer) REPORT: Execute script: ExportShard.java '.work/inputs/SnapchatWatchApp-0200000c-00000001/functions-00.tsv' '/home/runner/work/Snap-SS06/Snap-SS06/.work/output/decompiled/SnapchatWatchApp-0200000c-00000001/shard-00'   
2026-10-06 01:26:25 INFO  (HeadlessAnalyzer) SCRIPT: /home/runner/work/Snap-SS06/Snap-SS06/scripts/ExportShard.java  
2026-10-06 01:26:25 INFO  (GhidraScript) ExportShard.java> Disassembling 812 candidate functions  
2026-10-06 01:26:26 INFO  (GhidraScript) ExportShard.java> Prepared 812 function bodies  
2026-10-06 01:26:27 INFO  (GhidraScript) ExportShard.java> Export progress 0/812; success=0; failed=0  
2026-10-06 01:26:31 INFO  (GhidraScript) ExportShard.java> {
  "program": "binary",
  "requested": 812,
  "prepared": 812,
  "decompiled": 812,
  "failed": 0,
  "tool": "Ghidra 12.1.4",
  "method": "Static per-range disassembly and decompilation; candidate entries from compact unwind, function starts and Objective-C metadata."
}
  
2026-10-06 01:26:31 INFO  (LocalFileSystem) /binary: file created (runner)  
2026-10-06 01:26:31 INFO  (HeadlessAnalyzer) REPORT: Save succeeded for: /binary (analysis:/binary)  
2026-10-06 01:26:31 INFO  (HeadlessAnalyzer) REPORT: Import succeeded  
