2026-10-06 01:16:46 INFO  (LoggingInitialization) Using log config file: jar:file:/home/runner/work/Snap-SS06/Snap-SS06/.work/tool/ghidra_12.1.4_PUBLIC/Ghidra/Framework/Generic/lib/Generic.jar!/generic.log4j.xml  
2026-10-06 01:16:46 INFO  (LoggingInitialization) Using log file: /home/runner/work/Snap-SS06/Snap-SS06/.work/output/decompiled/ExtensionsSharedDependencies-thin/shard-00/ghidra.log  
2026-10-06 01:16:46 DEBUG (GhidraObjectInputFilter) Including serial input filter: FileSystem/data/client.rmi.serial.filter  
2026-10-06 01:16:46 INFO  (Preferences) Loading user preferences: /home/runner/.config/ghidra/ghidra_12.1.4_PUBLIC/preferences  
2026-10-06 01:16:46 INFO  (ClassSearcher) Searching for classes...  
2026-10-06 01:16:47 INFO  (ClassSearcher) Class search complete (990 ms)  
2026-10-06 01:16:47 INFO  (DefaultSSLContextInitializer) Initializing SSL Context  
2026-10-06 01:16:47 INFO  (SecureRandomFactory) Initializing Random Number Generator...  
2026-10-06 01:16:47 INFO  (SecureRandomFactory) Random Number Generator initialization complete: NativePRNGNonBlocking  
2026-10-06 01:16:47 INFO  (DefaultTrustManagerFactory) Trust manager disabled, cacerts have not been set  
2026-10-06 01:16:48 INFO  (AnalyzeHeadless) Headless startup complete (2271 ms)  
2026-10-06 01:16:48 INFO  (ClassSearcher) Class searcher loaded 59 extension points (20 false positives)  
2026-10-06 01:16:48 INFO  (HeadlessAnalyzer) HEADLESS Script Paths:
    /home/runner/work/Snap-SS06/Snap-SS06/.work/tool/ghidra_12.1.4_PUBLIC/Ghidra/Processors/PIC/ghidra_scripts
    /home/runner/work/Snap-SS06/Snap-SS06/.work/tool/ghidra_12.1.4_PUBLIC/Ghidra/Features/MicrosoftCodeAnalyzer/ghidra_scripts
    /home/runner/work/Snap-SS06/Snap-SS06/.work/tool/ghidra_12.1.4_PUBLIC/Ghidra/Processors/JVM/ghidra_scripts
    /home/runner/work/Snap-SS06/Snap-SS06/.work/tool/ghidra_12.1.4_PUBLIC/Ghidra/Debug/Debugger-rmi-trace/ghidra_scripts
    /home/runner/work/Snap-SS06/Snap-SS06/.work/tool/ghidra_12.1.4_PUBLIC/Ghidra/Features/SwiftDemangler/ghidra_scripts
    /home/runner/work/Snap-SS06/Snap-SS06/.work/tool/ghidra_12.1.4_PUBLIC/Ghidra/Features/DecompilerDependent/ghidra_scripts
    /home/runner/work/Snap-SS06/Snap-SS06/.work/tool/ghidra_12.1.4_PUBLIC/Ghidra/Features/Base/ghidra_scripts
    /home/runner/work/Snap-SS06/Snap-SS06/.work/tool/ghidra_12.1.4_PUBLIC/Ghidra/Features/WildcardAssembler/ghidra_scripts
    /home/runner/work/Snap-SS06/Snap-SS06/.work/tool/ghidra_12.1.4_PUBLIC/Ghidra/Features/PyGhidra/ghidra_scripts
    /home/runner/work/Snap-SS06/Snap-SS06/.work/tool/ghidra_12.1.4_PUBLIC/Ghidra/Processors/8051/ghidra_scripts
    /home/runner/work/Snap-SS06/Snap-SS06/.work/tool/ghidra_12.1.4_PUBLIC/Ghidra/Features/BSim/ghidra_scripts
    /home/runner/work/Snap-SS06/Snap-SS06/.work/tool/ghidra_12.1.4_PUBLIC/Ghidra/Features/GnuDemangler/ghidra_scripts
    /home/runner/work/Snap-SS06/Snap-SS06/.work/tool/ghidra_12.1.4_PUBLIC/Ghidra/Features/BytePatterns/ghidra_scripts
    /home/runner/work/Snap-SS06/Snap-SS06/.work/tool/ghidra_12.1.4_PUBLIC/Ghidra/Features/VersionTracking/ghidra_scripts
    /home/runner/work/Snap-SS06/Snap-SS06/scripts
    /home/runner/work/Snap-SS06/Snap-SS06/.work/tool/ghidra_12.1.4_PUBLIC/Ghidra/Processors/DATA/ghidra_scripts
    /home/runner/work/Snap-SS06/Snap-SS06/.work/tool/ghidra_12.1.4_PUBLIC/Ghidra/Features/FileFormats/ghidra_scripts
    /home/runner/work/Snap-SS06/Snap-SS06/.work/tool/ghidra_12.1.4_PUBLIC/Ghidra/Features/SystemEmulation/ghidra_scripts
    /home/runner/work/Snap-SS06/Snap-SS06/.work/tool/ghidra_12.1.4_PUBLIC/Ghidra/Features/PDB/ghidra_scripts
    /home/runner/work/Snap-SS06/Snap-SS06/.work/tool/ghidra_12.1.4_PUBLIC/Ghidra/Processors/Atmel/ghidra_scripts
    /home/runner/work/Snap-SS06/Snap-SS06/.work/tool/ghidra_12.1.4_PUBLIC/Ghidra/Features/FunctionID/ghidra_scripts
    /home/runner/work/Snap-SS06/Snap-SS06/.work/tool/ghidra_12.1.4_PUBLIC/Ghidra/Features/Decompiler/ghidra_scripts
    /home/runner/work/Snap-SS06/Snap-SS06/.work/tool/ghidra_12.1.4_PUBLIC/Ghidra/Debug/Debugger/ghidra_scripts  
2026-10-06 01:16:48 INFO  (HeadlessAnalyzer) HEADLESS: execution starts  
2026-10-06 01:16:48 INFO  (HeadlessAnalyzer) Creating temporary project: /tmp/snap-ss06-ghidra-3ae9d73k/analysis  
2026-10-06 01:16:48 INFO  (DefaultProject) Creating project: /tmp/snap-ss06-ghidra-3ae9d73k/analysis  
2026-10-06 01:16:48 INFO  (HeadlessAnalyzer) REPORT: Processing input files:   
2026-10-06 01:16:48 INFO  (HeadlessAnalyzer)      project: /tmp/snap-ss06-ghidra-3ae9d73k/analysis  
2026-10-06 01:16:48 INFO  (HeadlessAnalyzer) IMPORTING: file:///home/runner/work/Snap-SS06/Snap-SS06/.work/inputs/ExtensionsSharedDependencies-thin/binary  
2026-10-06 01:16:49 INFO  (ProgramLoader) Using Loader: Mac OS X Mach-O  
2026-10-06 01:16:49 INFO  (ProgramLoader) Using Language/Compiler: AARCH64:LE:64:AppleSilicon:swift  
2026-10-06 01:16:49 INFO  (ProgramLoader) Using Library Search Path: [., /bin, /lib, /lib64, /lib/x86_64-linux-gnu, /lib/aarch64-linux-gnu, /usr/bin, /usr/lib, /usr/X11R6/bin, /usr/X11R6/lib, /usr/java/packages/lib, /usr/lib64]  
2026-10-06 01:16:56 INFO  (ProgramLoader) Additional info:
Loading file:///home/runner/work/Snap-SS06/Snap-SS06/.work/inputs/ExtensionsSharedDependencies-thin/binary?MD5=6ae384da4fd44edf0c6183222f268e2d...
Discovered 121664 DYLD_CHAINED_PTR_64_OFFSET chained pointers.
Fixed up 121664 chained pointers.
Skipping markup for large string at: 008f1888
binary: installed 8 objc SpecExtensions
------------------------------------------------

Linking the External Programs of 'binary' to imported libraries...
  [/usr/lib/libc++.1.dylib] -> not found in project
  [/System/Library/Frameworks/Foundation.framework/Foundation] -> not found in project
  [/System/Library/Frameworks/CoreLocation.framework/CoreLocation] -> not found in project
  [/System/Library/Frameworks/UIKit.framework/UIKit] -> not found in project
  [/System/Library/Frameworks/UserNotifications.framework/UserNotifications] -> not found in project
  [/System/Library/Frameworks/Combine.framework/Combine] -> not found in project
  [/System/Library/Frameworks/SwiftUI.framework/SwiftUI] -> not found in project
  [/System/Library/Frameworks/ImageIO.framework/ImageIO] -> not found in project
  [/System/Library/Frameworks/Accelerate.framework/Accelerate] -> not found in project
  [/System/Library/Frameworks/QuartzCore.framework/QuartzCore] -> not found in project
  [/System/Library/Frameworks/Security.framework/Security] -> not found in project
  [/System/Library/Frameworks/WidgetKit.framework/WidgetKit] -> not found in project
  [/System/Library/Frameworks/CoreFoundation.framework/CoreFoundation] -> not found in project
  [/System/Library/Frameworks/CoreGraphics.framework/CoreGraphics] -> not found in project
  [/usr/lib/libSystem.B.dylib] -> not found in project
  [/System/Library/Frameworks/SystemConfiguration.framework/SystemConfiguration] -> not found in project
  [/System/Library/Frameworks/CoreTelephony.framework/CoreTelephony] -> not found in project
  [/usr/lib/libresolv.9.dylib] -> not found in project
  [/usr/lib/libz.1.dylib] -> not found in project
  [/System/Library/Frameworks/CoreText.framework/CoreText] -> not found in project
  [/System/Library/Frameworks/AVFoundation.framework/AVFoundation] -> not found in project
  [/System/Library/Frameworks/CoreMedia.framework/CoreMedia] -> not found in project
  [/System/Library/Frameworks/Metal.framework/Metal] -> not found in project
  [/usr/lib/libsqlite3.dylib] -> not found in project
  [/System/Library/Frameworks/MessageUI.framework/MessageUI] -> not found in project
  [/System/Library/Frameworks/AppIntents.framework/AppIntents] -> not found in project
  [/System/Library/Frameworks/ActivityKit.framework/ActivityKit] -> not found in project
  [/System/Library/Frameworks/AdSupport.framework/AdSupport] -> not found in project
  [/usr/lib/libobjc.A.dylib] -> not found in project
  [/usr/lib/swift/libswiftCore.dylib] -> not found in project
  [/usr/lib/swift/libswiftCoreAudio.dylib] -> not found in project
  [/usr/lib/swift/libswiftCoreFoundation.dylib] -> not found in project
  [/usr/lib/swift/libswiftCoreImage.dylib] -> not found in project
  [/usr/lib/swift/libswiftCoreLocation.dylib] -> not found in project
  [/usr/lib/swift/libswiftCoreMedia.dylib] -> not found in project
  [/usr/lib/swift/libswiftDarwin.dylib] -> not found in project
  [/usr/lib/swift/libswiftDispatch.dylib] -> not found in project
  [/usr/lib/swift/libswiftIntents.dylib] -> not found in project
  [/usr/lib/swift/libswiftMetal.dylib] -> not found in project
  [/usr/lib/swift/libswiftOSLog.dylib] -> not found in project
  [/usr/lib/swift/libswiftObjectiveC.dylib] -> not found in project
  [/usr/lib/swift/libswiftQuartzCore.dylib] -> not found in project
  [/usr/lib/swift/libswiftSpatial.dylib] -> not found in project
  [/usr/lib/swift/libswiftUniformTypeIdentifiers.dylib] -> not found in project
  [/usr/lib/swift/libswiftXPC.dylib] -> not found in project
  [/usr/lib/swift/libswift_Concurrency.dylib] -> not found in project
  [/usr/lib/swift/libswiftos.dylib] -> not found in project
  [/usr/lib/swift/libswiftsimd.dylib] -> not found in project
  [/usr/lib/swift/libswiftFoundation.dylib] -> not found in project
  [/usr/lib/swift/libswiftUIKit.dylib] -> not found in project
  [/usr/lib/swift/libswiftCoreGraphics.dylib] -> not found in project
------------------------------------------------

  
2026-10-06 01:16:56 INFO  (HeadlessAnalyzer) IMPORTING: Loaded 0 additional files  
2026-10-06 01:16:56 INFO  (HeadlessAnalyzer) REPORT: Execute script: ExportShard.java '.work/inputs/ExtensionsSharedDependencies-thin/functions-00.tsv' '/home/runner/work/Snap-SS06/Snap-SS06/.work/output/decompiled/ExtensionsSharedDependencies-thin/shard-00'   
2026-10-06 01:16:56 INFO  (HeadlessAnalyzer) SCRIPT: /home/runner/work/Snap-SS06/Snap-SS06/scripts/ExportShard.java  
2026-10-06 01:16:56 INFO  (GhidraScript) ExportShard.java> Disassembling 38316 candidate functions  
2026-10-06 01:17:24 INFO  (GhidraScript) ExportShard.java> Prepared 38316 function bodies  
2026-10-06 01:17:24 INFO  (GhidraScript) ExportShard.java> Export progress 0/38316; success=0; failed=0  
2026-10-06 01:17:35 INFO  (GhidraScript) ExportShard.java> Export progress 1000/38316; success=1000; failed=0  
2026-10-06 01:17:40 INFO  (GhidraScript) ExportShard.java> Export progress 2000/38316; success=2000; failed=0  
2026-10-06 01:17:45 INFO  (GhidraScript) ExportShard.java> Export progress 3000/38316; success=3000; failed=0  
2026-10-06 01:17:51 INFO  (GhidraScript) ExportShard.java> Export progress 4000/38316; success=4000; failed=0  
2026-10-06 01:17:58 INFO  (GhidraScript) ExportShard.java> Export progress 5000/38316; success=5000; failed=0  
2026-10-06 01:18:04 WARN  (DecompileCallback) Decompiling 0011a058: Unable to read bytes at ram:ffffffffd112e48c  
2026-10-06 01:18:09 INFO  (GhidraScript) ExportShard.java> Export progress 6000/38316; success=5999; failed=1  
2026-10-06 01:18:16 INFO  (GhidraScript) ExportShard.java> Export progress 7000/38316; success=6999; failed=1  
2026-10-06 01:18:23 INFO  (GhidraScript) ExportShard.java> Export progress 8000/38316; success=7999; failed=1  
2026-10-06 01:18:29 INFO  (GhidraScript) ExportShard.java> Export progress 9000/38316; success=8999; failed=1  
2026-10-06 01:18:36 INFO  (GhidraScript) ExportShard.java> Export progress 10000/38316; success=9999; failed=1  
2026-10-06 01:18:50 WARN  (DecompileCallback) Decompiling 001f7994: Unable to read bytes at ram:ffffffffa9ddc9d8  
2026-10-06 01:18:50 WARN  (DecompileCallback) Decompiling 001f7c40: Unable to read bytes at ram:fffffffff11fac80  
2026-10-06 01:18:51 WARN  (DecompileCallback) Decompiling 001fb7ec: Unable to read bytes at ram:ffffffffa9de09ec  
2026-10-06 01:18:51 WARN  (DecompileCallback) Decompiling 001fc794: Unable to read bytes at ram:fffffffff12073cc  
2026-10-06 01:18:52 INFO  (GhidraScript) ExportShard.java> Export progress 11000/38316; success=10999; failed=1  
2026-10-06 01:18:52 WARN  (DecompileCallback) Decompiling 002053f4: Unable to read bytes at ram:ffffffffa9dea544  
2026-10-06 01:18:53 WARN  (DecompileCallback) Decompiling 0020bd2c: Unable to read bytes at ram:ffffffffa9dd1df8  
2026-10-06 01:18:53 WARN  (DecompileCallback) Decompiling 0020c1f0: Unable to read bytes at ram:ffffffffa9e03e0c  
2026-10-06 01:18:54 WARN  (DecompileCallback) Decompiling 0020d3a0: Unable to read bytes at ram:ffffffffa9dd4464  
2026-10-06 01:18:54 WARN  (DecompileCallback) Decompiling 0020ef3c: Unable to read bytes at ram:ffffffffa9db6070  
2026-10-06 01:18:54 WARN  (DecompileCallback) Decompiling 00211f8c: Unable to read bytes at ram:ffffffffa9df7008  
2026-10-06 01:18:55 WARN  (DecompileCallback) Decompiling 00213cd8: Unable to read bytes at ram:ffffffffa9df8d54  
2026-10-06 01:18:55 INFO  (GhidraScript) ExportShard.java> Export progress 12000/38316; success=11999; failed=1  
2026-10-06 01:18:56 WARN  (DecompileCallback) Decompiling 00219f30: Unable to read bytes at ram:ffffffffa9dfef74  
2026-10-06 01:18:56 WARN  (DecompileCallback) Decompiling 0021a210: Unable to read bytes at ram:ffffffffa9e11e34  
2026-10-06 01:19:25 INFO  (GhidraScript) ExportShard.java> Export progress 13000/38316; success=12998; failed=2  
2026-10-06 01:19:41 INFO  (GhidraScript) ExportShard.java> Export progress 14000/38316; success=13998; failed=2  
2026-10-06 01:20:07 INFO  (GhidraScript) ExportShard.java> Export progress 15000/38316; success=14998; failed=2  
2026-10-06 01:20:26 INFO  (GhidraScript) ExportShard.java> Export progress 16000/38316; success=15996; failed=4  
2026-10-06 01:20:36 INFO  (GhidraScript) ExportShard.java> Export progress 17000/38316; success=16995; failed=5  
2026-10-06 01:20:42 INFO  (GhidraScript) ExportShard.java> Export progress 18000/38316; success=17995; failed=5  
2026-10-06 01:20:48 INFO  (GhidraScript) ExportShard.java> Export progress 19000/38316; success=18995; failed=5  
2026-10-06 01:20:52 INFO  (GhidraScript) ExportShard.java> Export progress 20000/38316; success=19995; failed=5  
2026-10-06 01:20:57 INFO  (GhidraScript) ExportShard.java> Export progress 21000/38316; success=20995; failed=5  
2026-10-06 01:21:05 INFO  (GhidraScript) ExportShard.java> Export progress 22000/38316; success=21995; failed=5  
2026-10-06 01:21:09 INFO  (GhidraScript) ExportShard.java> Export progress 23000/38316; success=22995; failed=5  
2026-10-06 01:21:14 INFO  (GhidraScript) ExportShard.java> Export progress 24000/38316; success=23995; failed=5  
2026-10-06 01:21:19 INFO  (GhidraScript) ExportShard.java> Export progress 25000/38316; success=24995; failed=5  
2026-10-06 01:21:23 INFO  (GhidraScript) ExportShard.java> Export progress 26000/38316; success=25995; failed=5  
2026-10-06 01:21:33 INFO  (GhidraScript) ExportShard.java> Export progress 27000/38316; success=26995; failed=5  
2026-10-06 01:21:53 INFO  (GhidraScript) ExportShard.java> Export progress 28000/38316; success=27995; failed=5  
2026-10-06 01:21:57 INFO  (GhidraScript) ExportShard.java> Export progress 29000/38316; success=28995; failed=5  
2026-10-06 01:23:50 WARN  (DecompileCallback) Decompiling 005d0818: Unable to read bytes at ram:100817ee9  
2026-10-06 01:23:51 INFO  (GhidraScript) ExportShard.java> Export progress 30000/38316; success=29995; failed=5  
2026-10-06 01:24:22 INFO  (GhidraScript) ExportShard.java> Export progress 31000/38316; success=30994; failed=6  
2026-10-06 01:24:27 INFO  (GhidraScript) ExportShard.java> Export progress 32000/38316; success=31994; failed=6  
2026-10-06 01:24:47 INFO  (GhidraScript) ExportShard.java> Export progress 33000/38316; success=32994; failed=6  
2026-10-06 01:25:03 INFO  (GhidraScript) ExportShard.java> Export progress 34000/38316; success=33994; failed=6  
2026-10-06 01:25:17 INFO  (GhidraScript) ExportShard.java> Export progress 35000/38316; success=34994; failed=6  
2026-10-06 01:25:33 INFO  (GhidraScript) ExportShard.java> Export progress 36000/38316; success=35994; failed=6  
2026-10-06 01:25:40 INFO  (GhidraScript) ExportShard.java> Export progress 37000/38316; success=36994; failed=6  
2026-10-06 01:25:45 INFO  (GhidraScript) ExportShard.java> Export progress 38000/38316; success=37994; failed=6  
2026-10-06 01:25:49 INFO  (GhidraScript) ExportShard.java> {
  "program": "binary",
  "requested": 38316,
  "prepared": 38316,
  "decompiled": 38310,
  "failed": 6,
  "tool": "Ghidra 12.1.4",
  "method": "Static per-range disassembly and decompilation; candidate entries from compact unwind, function starts and Objective-C metadata."
}
  
2026-10-06 01:25:49 INFO  (LocalFileSystem) /binary: file created (runner)  
2026-10-06 01:25:49 INFO  (HeadlessAnalyzer) REPORT: Save succeeded for: /binary (analysis:/binary)  
2026-10-06 01:25:49 INFO  (HeadlessAnalyzer) REPORT: Import succeeded  
