2026-10-06 01:14:37 INFO  (LoggingInitialization) Using log config file: jar:file:/home/runner/work/Snap-SS06/Snap-SS06/.work/tool/ghidra_12.1.4_PUBLIC/Ghidra/Framework/Generic/lib/Generic.jar!/generic.log4j.xml  
2026-10-06 01:14:37 INFO  (LoggingInitialization) Using log file: /home/runner/work/Snap-SS06/Snap-SS06/.work/output/decompiled/Snapchat-thin/shard-00/ghidra.log  
2026-10-06 01:14:37 DEBUG (GhidraObjectInputFilter) Including serial input filter: FileSystem/data/client.rmi.serial.filter  
2026-10-06 01:14:37 INFO  (Preferences) Loading user preferences: /home/runner/.config/ghidra/ghidra_12.1.4_PUBLIC/preferences  
2026-10-06 01:14:37 INFO  (ClassSearcher) Searching for classes...  
2026-10-06 01:14:38 INFO  (ClassSearcher) Class search complete (917 ms)  
2026-10-06 01:14:39 INFO  (DefaultSSLContextInitializer) Initializing SSL Context  
2026-10-06 01:14:39 INFO  (SecureRandomFactory) Initializing Random Number Generator...  
2026-10-06 01:14:39 INFO  (SecureRandomFactory) Random Number Generator initialization complete: NativePRNGNonBlocking  
2026-10-06 01:14:39 INFO  (DefaultTrustManagerFactory) Trust manager disabled, cacerts have not been set  
2026-10-06 01:14:39 INFO  (FileCacheMaintenanceDaemon) Starting cache cleanup: /var/tmp/runner-ghidra/fscache2  
2026-10-06 01:14:39 INFO  (FileCacheMaintenanceDaemon) Finished cache cleanup, estimated storage used: 0  
2026-10-06 01:14:39 INFO  (AnalyzeHeadless) Headless startup complete (2788 ms)  
2026-10-06 01:14:39 INFO  (ClassSearcher) Class searcher loaded 59 extension points (20 false positives)  
2026-10-06 01:14:40 INFO  (HeadlessAnalyzer) HEADLESS Script Paths:
    /home/runner/work/Snap-SS06/Snap-SS06/.work/tool/ghidra_12.1.4_PUBLIC/Ghidra/Processors/PIC/ghidra_scripts
    /home/runner/work/Snap-SS06/Snap-SS06/.work/tool/ghidra_12.1.4_PUBLIC/Ghidra/Features/MicrosoftCodeAnalyzer/ghidra_scripts
    /home/runner/work/Snap-SS06/Snap-SS06/.work/tool/ghidra_12.1.4_PUBLIC/Ghidra/Processors/JVM/ghidra_scripts
    /home/runner/work/Snap-SS06/Snap-SS06/.work/tool/ghidra_12.1.4_PUBLIC/Ghidra/Debug/Debugger-rmi-trace/ghidra_scripts
    /home/runner/work/Snap-SS06/Snap-SS06/.work/tool/ghidra_12.1.4_PUBLIC/Ghidra/Features/SwiftDemangler/ghidra_scripts
    /home/runner/work/Snap-SS06/Snap-SS06/.work/tool/ghidra_12.1.4_PUBLIC/Ghidra/Features/DecompilerDependent/ghidra_scripts
    /home/runner/work/Snap-SS06/Snap-SS06/.work/tool/ghidra_12.1.4_PUBLIC/Ghidra/Features/Base/ghidra_scripts
    /home/runner/work/Snap-SS06/Snap-SS06/.work/tool/ghidra_12.1.4_PUBLIC/Ghidra/Features/WildcardAssembler/ghidra_scripts
    /home/runner/work/Snap-SS06/Snap-SS06/.work/tool/ghidra_12.1.4_PUBLIC/Ghidra/Features/PyGhidra/ghidra_scripts
    /home/runner/work/Snap-SS06/Snap-SS06/.work/tool/ghidra_12.1.4_PUBLIC/Ghidra/Processors/8051/ghidra_scripts
    /home/runner/work/Snap-SS06/Snap-SS06/.work/tool/ghidra_12.1.4_PUBLIC/Ghidra/Features/BSim/ghidra_scripts
    /home/runner/work/Snap-SS06/Snap-SS06/.work/tool/ghidra_12.1.4_PUBLIC/Ghidra/Features/GnuDemangler/ghidra_scripts
    /home/runner/work/Snap-SS06/Snap-SS06/.work/tool/ghidra_12.1.4_PUBLIC/Ghidra/Features/BytePatterns/ghidra_scripts
    /home/runner/work/Snap-SS06/Snap-SS06/.work/tool/ghidra_12.1.4_PUBLIC/Ghidra/Features/VersionTracking/ghidra_scripts
    /home/runner/work/Snap-SS06/Snap-SS06/scripts
    /home/runner/work/Snap-SS06/Snap-SS06/.work/tool/ghidra_12.1.4_PUBLIC/Ghidra/Processors/DATA/ghidra_scripts
    /home/runner/work/Snap-SS06/Snap-SS06/.work/tool/ghidra_12.1.4_PUBLIC/Ghidra/Features/FileFormats/ghidra_scripts
    /home/runner/work/Snap-SS06/Snap-SS06/.work/tool/ghidra_12.1.4_PUBLIC/Ghidra/Features/SystemEmulation/ghidra_scripts
    /home/runner/work/Snap-SS06/Snap-SS06/.work/tool/ghidra_12.1.4_PUBLIC/Ghidra/Features/PDB/ghidra_scripts
    /home/runner/work/Snap-SS06/Snap-SS06/.work/tool/ghidra_12.1.4_PUBLIC/Ghidra/Processors/Atmel/ghidra_scripts
    /home/runner/work/Snap-SS06/Snap-SS06/.work/tool/ghidra_12.1.4_PUBLIC/Ghidra/Features/FunctionID/ghidra_scripts
    /home/runner/work/Snap-SS06/Snap-SS06/.work/tool/ghidra_12.1.4_PUBLIC/Ghidra/Features/Decompiler/ghidra_scripts
    /home/runner/work/Snap-SS06/Snap-SS06/.work/tool/ghidra_12.1.4_PUBLIC/Ghidra/Debug/Debugger/ghidra_scripts  
2026-10-06 01:14:40 INFO  (HeadlessAnalyzer) HEADLESS: execution starts  
2026-10-06 01:14:40 INFO  (HeadlessAnalyzer) Creating temporary project: /tmp/snap-ss06-ghidra-_f1zcnwn/analysis  
2026-10-06 01:14:40 DEBUG (DefaultProjectManager) No tools found; Installing default tools  
2026-10-06 01:14:40 DEBUG (DefaultProjectManager) 	no recent project directories found  
2026-10-06 01:14:40 INFO  (DefaultProject) Creating project: /tmp/snap-ss06-ghidra-_f1zcnwn/analysis  
2026-10-06 01:14:40 INFO  (HeadlessAnalyzer) REPORT: Processing input files:   
2026-10-06 01:14:40 INFO  (HeadlessAnalyzer)      project: /tmp/snap-ss06-ghidra-_f1zcnwn/analysis  
2026-10-06 01:14:40 INFO  (HeadlessAnalyzer) IMPORTING: file:///home/runner/work/Snap-SS06/Snap-SS06/.work/inputs/Snapchat-thin/binary  
2026-10-06 01:14:42 INFO  (ProgramLoader) Using Loader: Mac OS X Mach-O  
2026-10-06 01:14:42 INFO  (ProgramLoader) Using Language/Compiler: AARCH64:LE:64:AppleSilicon:swift  
2026-10-06 01:14:42 INFO  (ProgramLoader) Using Library Search Path: [., /bin, /lib, /lib64, /lib/x86_64-linux-gnu, /lib/aarch64-linux-gnu, /usr/bin, /usr/lib, /usr/X11R6/bin, /usr/X11R6/lib, /usr/java/packages/lib, /usr/lib64]  
2026-10-06 01:16:05 INFO  (ProgramLoader) Additional info:
Loading file:///home/runner/work/Snap-SS06/Snap-SS06/.work/inputs/Snapchat-thin/binary?MD5=0fc004a6f86b1cd20d5c214bf3d19a86...
Discovered 3653695 DYLD_CHAINED_PTR_64_OFFSET chained pointers.
Fixed up 3653695 chained pointers.
Skipping markup for large string at: 10f2ba5bd
DyldChainedFixupHeader> Failed to markup dyld_chained_fixups_header
binary: installed 8 objc SpecExtensions
------------------------------------------------

Linking the External Programs of 'binary' to imported libraries...
  [/System/Library/Frameworks/Foundation.framework/Foundation] -> not found in project
  [/System/Library/Frameworks/MobileCoreServices.framework/MobileCoreServices] -> not found in project
  [/System/Library/Frameworks/SystemConfiguration.framework/SystemConfiguration] -> not found in project
  [/System/Library/Frameworks/UIKit.framework/UIKit] -> not found in project
  [/System/Library/Frameworks/iAd.framework/iAd] -> not found in project
  [/System/Library/Frameworks/AppIntents.framework/AppIntents] -> not found in project
  [/System/Library/Frameworks/LinkPresentation.framework/LinkPresentation] -> not found in project
  [/usr/lib/libc++.1.dylib] -> not found in project
  [/System/Library/Frameworks/AuthenticationServices.framework/AuthenticationServices] -> not found in project
  [/System/Library/Frameworks/SafariServices.framework/SafariServices] -> not found in project
  [/System/Library/Frameworks/WebKit.framework/WebKit] -> not found in project
  [/System/Library/Frameworks/QuartzCore.framework/QuartzCore] -> not found in project
  [/System/Library/Frameworks/JavaScriptCore.framework/JavaScriptCore] -> not found in project
  [/System/Library/Frameworks/CoreGraphics.framework/CoreGraphics] -> not found in project
  [/System/Library/Frameworks/Security.framework/Security] -> not found in project
  [/System/Library/Frameworks/AppTrackingTransparency.framework/AppTrackingTransparency] -> not found in project
  [/System/Library/Frameworks/Accelerate.framework/Accelerate] -> not found in project
  [/System/Library/Frameworks/StoreKit.framework/StoreKit] -> not found in project
  [/System/Library/Frameworks/AVFoundation.framework/AVFoundation] -> not found in project
  [/System/Library/Frameworks/Photos.framework/Photos] -> not found in project
  [/System/Library/Frameworks/UserNotifications.framework/UserNotifications] -> not found in project
  [/System/Library/Frameworks/CoreMedia.framework/CoreMedia] -> not found in project
  [/System/Library/Frameworks/ARKit.framework/ARKit] -> not found in project
  [/System/Library/Frameworks/SwiftUI.framework/SwiftUI] -> not found in project
  [/System/Library/Frameworks/MapKit.framework/MapKit] -> not found in project
  [/System/Library/Frameworks/Contacts.framework/Contacts] -> not found in project
  [/System/Library/Frameworks/MessageUI.framework/MessageUI] -> not found in project
  [/System/Library/Frameworks/CoreLocation.framework/CoreLocation] -> not found in project
  [/System/Library/Frameworks/ImageIO.framework/ImageIO] -> not found in project
  [/System/Library/Frameworks/PhotosUI.framework/PhotosUI] -> not found in project
  [/System/Library/Frameworks/WidgetKit.framework/WidgetKit] -> not found in project
  [/System/Library/Frameworks/Intents.framework/Intents] -> not found in project
  [/System/Library/Frameworks/CoreText.framework/CoreText] -> not found in project
  [/System/Library/Frameworks/CoreVideo.framework/CoreVideo] -> not found in project
  [/System/Library/Frameworks/Vision.framework/Vision] -> not found in project
  [/System/Library/Frameworks/MetricKit.framework/MetricKit] -> not found in project
  [/System/Library/Frameworks/CoreFoundation.framework/CoreFoundation] -> not found in project
  [/System/Library/Frameworks/CoreImage.framework/CoreImage] -> not found in project
  [/System/Library/Frameworks/MediaPlayer.framework/MediaPlayer] -> not found in project
  [/System/Library/Frameworks/CallKit.framework/CallKit] -> not found in project
  [/System/Library/Frameworks/Combine.framework/Combine] -> not found in project
  [/System/Library/Frameworks/DeviceCheck.framework/DeviceCheck] -> not found in project
  [/System/Library/Frameworks/WatchConnectivity.framework/WatchConnectivity] -> not found in project
  [/System/Library/Frameworks/CoreMotion.framework/CoreMotion] -> not found in project
  [/System/Library/Frameworks/AdSupport.framework/AdSupport] -> not found in project
  [/System/Library/Frameworks/LocalAuthentication.framework/LocalAuthentication] -> not found in project
  [/System/Library/Frameworks/AudioToolbox.framework/AudioToolbox] -> not found in project
  [/System/Library/Frameworks/VideoToolbox.framework/VideoToolbox] -> not found in project
  [/System/Library/Frameworks/CryptoKit.framework/CryptoKit] -> not found in project
  [/System/Library/Frameworks/UniformTypeIdentifiers.framework/UniformTypeIdentifiers] -> not found in project
  [/System/Library/Frameworks/PushKit.framework/PushKit] -> not found in project
  [/System/Library/Frameworks/CoreSpotlight.framework/CoreSpotlight] -> not found in project
  [/System/Library/Frameworks/LockedCameraCapture.framework/LockedCameraCapture] -> not found in project
  [/System/Library/Frameworks/CoreServices.framework/CoreServices] -> not found in project
  [/System/Library/Frameworks/AVKit.framework/AVKit] -> not found in project
  [/System/Library/Frameworks/CoreML.framework/CoreML] -> not found in project
  [/System/Library/Frameworks/ActivityKit.framework/ActivityKit] -> not found in project
  [/System/Library/Frameworks/GLKit.framework/GLKit] -> not found in project
  [/System/Library/Frameworks/Metal.framework/Metal] -> not found in project
  [/System/Library/Frameworks/OpenGLES.framework/OpenGLES] -> not found in project
  [/System/Library/Frameworks/CoreTelephony.framework/CoreTelephony] -> not found in project
  [/System/Library/Frameworks/MetalPerformanceShaders.framework/MetalPerformanceShaders] -> not found in project
  [/System/Library/Frameworks/NaturalLanguage.framework/NaturalLanguage] -> not found in project
  [/System/Library/Frameworks/AddressBookUI.framework/AddressBookUI] -> not found in project
  [/System/Library/Frameworks/IntentsUI.framework/IntentsUI] -> not found in project
  [/System/Library/Frameworks/Messages.framework/Messages] -> not found in project
  [/System/Library/Frameworks/ReplayKit.framework/ReplayKit] -> not found in project
  [/System/Library/Frameworks/CoreData.framework/CoreData] -> not found in project
  [/System/Library/Frameworks/AdServices.framework/AdServices] -> not found in project
  [/System/Library/Frameworks/BackgroundTasks.framework/BackgroundTasks] -> not found in project
  [/System/Library/Frameworks/OSLog.framework/OSLog] -> not found in project
  [/System/Library/Frameworks/ContactsUI.framework/ContactsUI] -> not found in project
  [/System/Library/Frameworks/CoreBluetooth.framework/CoreBluetooth] -> not found in project
  [/System/Library/Frameworks/CFNetwork.framework/CFNetwork] -> not found in project
  [/System/Library/Frameworks/ExternalAccessory.framework/ExternalAccessory] -> not found in project
  [/System/Library/Frameworks/MetalKit.framework/MetalKit] -> not found in project
  [/usr/lib/libz.1.dylib] -> not found in project
  [/usr/lib/libxml2.2.dylib] -> not found in project
  [/usr/lib/libSystem.B.dylib] -> not found in project
  [/System/Library/Frameworks/IOSurface.framework/IOSurface] -> not found in project
  [/System/Library/Frameworks/AssetsLibrary.framework/AssetsLibrary] -> not found in project
  [/System/Library/Frameworks/CoreAudio.framework/CoreAudio] -> not found in project
  [/System/Library/Frameworks/MediaToolbox.framework/MediaToolbox] -> not found in project
  [/usr/lib/libresolv.9.dylib] -> not found in project
  [/System/Library/Frameworks/SensitiveContentAnalysis.framework/SensitiveContentAnalysis] -> not found in project
  [/System/Library/Frameworks/NetworkExtension.framework/NetworkExtension] -> not found in project
  [/System/Library/Frameworks/AVFAudio.framework/AVFAudio] -> not found in project
  [/usr/lib/libsqlite3.dylib] -> not found in project
  [/usr/lib/libobjc.A.dylib] -> not found in project
  [/System/Library/Frameworks/AdAttributionKit.framework/AdAttributionKit] -> not found in project
  [/System/Library/Frameworks/DeclaredAgeRange.framework/DeclaredAgeRange] -> not found in project
  [/System/Library/Frameworks/_AdAttributionKit_StoreKit.framework/_AdAttributionKit_StoreKit] -> not found in project
  [/usr/lib/swift/libswiftARKit.dylib] -> not found in project
  [/usr/lib/swift/libswiftAVFoundation.dylib] -> not found in project
  [/usr/lib/swift/libswiftAccelerate.dylib] -> not found in project
  [/usr/lib/swift/libswiftCallKit.dylib] -> not found in project
  [/usr/lib/swift/libswiftCore.dylib] -> not found in project
  [/usr/lib/swift/libswiftCoreAudio.dylib] -> not found in project
  [/usr/lib/swift/libswiftCoreFoundation.dylib] -> not found in project
  [/usr/lib/swift/libswiftCoreImage.dylib] -> not found in project
  [/usr/lib/swift/libswiftCoreLocation.dylib] -> not found in project
  [/usr/lib/swift/libswiftCoreMIDI.dylib] -> not found in project
  [/usr/lib/swift/libswiftCoreMedia.dylib] -> not found in project
  [/usr/lib/swift/libswiftDarwin.dylib] -> not found in project
  [/usr/lib/swift/libswiftDispatch.dylib] -> not found in project
  [/usr/lib/swift/libswiftGLKit.dylib] -> not found in project
  [/usr/lib/swift/libswiftIntents.dylib] -> not found in project
  [/usr/lib/swift/libswiftMapKit.dylib] -> not found in project
  [/usr/lib/swift/libswiftMetal.dylib] -> not found in project
  [/usr/lib/swift/libswiftMetalKit.dylib] -> not found in project
  [/usr/lib/swift/libswiftModelIO.dylib] -> not found in project
  [/usr/lib/swift/libswiftOSLog.dylib] -> not found in project
  [/usr/lib/swift/libswiftObjectiveC.dylib] -> not found in project
  [/usr/lib/swift/libswiftQuartzCore.dylib] -> not found in project
  [/usr/lib/swift/libswiftSceneKit.dylib] -> not found in project
  [/usr/lib/swift/libswiftSpatial.dylib] -> not found in project
  [/usr/lib/swift/libswiftSpriteKit.dylib] -> not found in project
  [/usr/lib/swift/libswiftUniformTypeIdentifiers.dylib] -> not found in project
  [/usr/lib/swift/libswiftVideoToolbox.dylib] -> not found in project
  [/usr/lib/swift/libswiftXPC.dylib] -> not found in project
  [/usr/lib/swift/libswift_Concurrency.dylib] -> not found in project
  [/usr/lib/swift/libswiftos.dylib] -> not found in project
  [/usr/lib/swift/libswiftsimd.dylib] -> not found in project
  [/usr/lib/swift/libswiftFoundation.dylib] -> not found in project
  [/usr/lib/swift/libswiftWebKit.dylib] -> not found in project
  [/usr/lib/swift/libswiftCoreGraphics.dylib] -> not found in project
  [/usr/lib/swift/libswiftPhotos.dylib] -> not found in project
  [/usr/lib/swift/libswiftPhotosUI.dylib] -> not found in project
  [/usr/lib/swift/libswiftNetwork.dylib] -> not found in project
  [/usr/lib/swift/libswiftUIKit.dylib] -> not found in project
------------------------------------------------

  
2026-10-06 01:16:05 INFO  (HeadlessAnalyzer) IMPORTING: Loaded 0 additional files  
2026-10-06 01:16:05 INFO  (HeadlessAnalyzer) REPORT: Execute script: ExportShard.java '.work/inputs/Snapchat-thin/functions-00.tsv' '/home/runner/work/Snap-SS06/Snap-SS06/.work/output/decompiled/Snapchat-thin/shard-00'   
2026-10-06 01:16:06 INFO  (HeadlessAnalyzer) SCRIPT: /home/runner/work/Snap-SS06/Snap-SS06/scripts/ExportShard.java  
2026-10-06 01:16:06 INFO  (GhidraScript) ExportShard.java> Disassembling 62096 candidate functions  
2026-10-06 01:16:52 INFO  (GhidraScript) ExportShard.java> Prepared 62096 function bodies  
2026-10-06 01:16:52 INFO  (GhidraScript) ExportShard.java> Export progress 0/62096; success=0; failed=0  
2026-10-06 01:17:07 INFO  (GhidraScript) ExportShard.java> Export progress 1000/62096; success=1000; failed=0  
2026-10-06 01:17:09 WARN  (DecompileCallback) Decompiling 10007b560: Unable to read bytes at ram:a9c50d70  
2026-10-06 01:18:05 INFO  (GhidraScript) ExportShard.java> Export progress 2000/62096; success=1999; failed=1  
2026-10-06 01:18:09 WARN  (DecompileCallback) Decompiling 1000ac380: Unable to read bytes at ram:1720adff0  
2026-10-06 01:18:15 INFO  (GhidraScript) ExportShard.java> Export progress 3000/62096; success=2999; failed=1  
2026-10-06 01:18:26 INFO  (GhidraScript) ExportShard.java> Export progress 4000/62096; success=3999; failed=1  
2026-10-06 01:18:39 INFO  (GhidraScript) ExportShard.java> Export progress 5000/62096; success=4999; failed=1  
2026-10-06 01:19:07 INFO  (GhidraScript) ExportShard.java> Export progress 6000/62096; success=5998; failed=2  
2026-10-06 01:19:14 INFO  (GhidraScript) ExportShard.java> Export progress 7000/62096; success=6998; failed=2  
2026-10-06 01:19:19 INFO  (GhidraScript) ExportShard.java> Export progress 8000/62096; success=7998; failed=2  
2026-10-06 01:19:29 INFO  (GhidraScript) ExportShard.java> Export progress 9000/62096; success=8998; failed=2  
2026-10-06 01:19:37 INFO  (GhidraScript) ExportShard.java> Export progress 10000/62096; success=9998; failed=2  
2026-10-06 01:19:40 INFO  (GhidraScript) ExportShard.java> Export progress 11000/62096; success=10998; failed=2  
2026-10-06 01:19:44 INFO  (GhidraScript) ExportShard.java> Export progress 12000/62096; success=11998; failed=2  
2026-10-06 01:20:19 INFO  (GhidraScript) ExportShard.java> Export progress 13000/62096; success=12998; failed=2  
2026-10-06 01:20:43 INFO  (GhidraScript) ExportShard.java> Export progress 14000/62096; success=13997; failed=3  
2026-10-06 01:20:52 INFO  (GhidraScript) ExportShard.java> Export progress 15000/62096; success=14997; failed=3  
2026-10-06 01:21:20 INFO  (GhidraScript) ExportShard.java> Export progress 16000/62096; success=15997; failed=3  
2026-10-06 01:21:30 WARN  (DecompileCallback) Decompiling 1003e3980: Unable to read bytes at ram:d13f3d9c  
2026-10-06 01:21:31 INFO  (GhidraScript) ExportShard.java> Export progress 17000/62096; success=16997; failed=3  
2026-10-06 01:21:51 INFO  (GhidraScript) ExportShard.java> Export progress 18000/62096; success=17997; failed=3  
2026-10-06 01:22:01 INFO  (GhidraScript) ExportShard.java> Export progress 19000/62096; success=18997; failed=3  
2026-10-06 01:22:10 INFO  (GhidraScript) ExportShard.java> Export progress 20000/62096; success=19997; failed=3  
2026-10-06 01:22:40 INFO  (GhidraScript) ExportShard.java> Export progress 21000/62096; success=20996; failed=4  
2026-10-06 01:22:52 INFO  (GhidraScript) ExportShard.java> Export progress 22000/62096; success=21996; failed=4  
2026-10-06 01:23:32 INFO  (GhidraScript) ExportShard.java> Export progress 23000/62096; success=22995; failed=5  
2026-10-06 01:23:37 INFO  (GhidraScript) ExportShard.java> Export progress 24000/62096; success=23995; failed=5  
2026-10-06 01:23:47 INFO  (GhidraScript) ExportShard.java> Export progress 25000/62096; success=24995; failed=5  
2026-10-06 01:24:08 INFO  (GhidraScript) ExportShard.java> Export progress 26000/62096; success=25995; failed=5  
2026-10-06 01:24:15 INFO  (GhidraScript) ExportShard.java> Export progress 27000/62096; success=26995; failed=5  
2026-10-06 01:24:21 INFO  (GhidraScript) ExportShard.java> Export progress 28000/62096; success=27995; failed=5  
2026-10-06 01:24:27 INFO  (GhidraScript) ExportShard.java> Export progress 29000/62096; success=28995; failed=5  
2026-10-06 01:24:32 INFO  (GhidraScript) ExportShard.java> Export progress 30000/62096; success=29995; failed=5  
2026-10-06 01:24:36 INFO  (GhidraScript) ExportShard.java> Export progress 31000/62096; success=30995; failed=5  
2026-10-06 01:24:41 INFO  (GhidraScript) ExportShard.java> Export progress 32000/62096; success=31995; failed=5  
2026-10-06 01:24:51 INFO  (GhidraScript) ExportShard.java> Export progress 33000/62096; success=32995; failed=5  
2026-10-06 01:25:04 INFO  (GhidraScript) ExportShard.java> Export progress 34000/62096; success=33995; failed=5  
2026-10-06 01:25:15 INFO  (GhidraScript) ExportShard.java> Export progress 35000/62096; success=34995; failed=5  
2026-10-06 01:25:29 INFO  (GhidraScript) ExportShard.java> Export progress 36000/62096; success=35995; failed=5  
2026-10-06 01:25:38 INFO  (GhidraScript) ExportShard.java> Export progress 37000/62096; success=36995; failed=5  
2026-10-06 01:25:47 WARN  (DecompileCallback) Decompiling 1007dd768: Unable to read bytes at ram:f0875870  
2026-10-06 01:25:51 INFO  (GhidraScript) ExportShard.java> Export progress 38000/62096; success=37995; failed=5  
2026-10-06 01:26:05 INFO  (GhidraScript) ExportShard.java> Export progress 39000/62096; success=38995; failed=5  
2026-10-06 01:26:18 INFO  (GhidraScript) ExportShard.java> Export progress 40000/62096; success=39994; failed=6  
2026-10-06 01:26:26 INFO  (GhidraScript) ExportShard.java> Export progress 41000/62096; success=40994; failed=6  
2026-10-06 01:26:41 INFO  (GhidraScript) ExportShard.java> Export progress 42000/62096; success=41994; failed=6  
2026-10-06 01:26:51 INFO  (GhidraScript) ExportShard.java> Export progress 43000/62096; success=42994; failed=6  
2026-10-06 01:27:04 INFO  (GhidraScript) ExportShard.java> Export progress 44000/62096; success=43994; failed=6  
2026-10-06 01:27:08 INFO  (GhidraScript) ExportShard.java> Export progress 45000/62096; success=44994; failed=6  
2026-10-06 01:27:14 INFO  (GhidraScript) ExportShard.java> Export progress 46000/62096; success=45994; failed=6  
2026-10-06 01:27:20 INFO  (GhidraScript) ExportShard.java> Export progress 47000/62096; success=46994; failed=6  
2026-10-06 01:27:25 INFO  (GhidraScript) ExportShard.java> Export progress 48000/62096; success=47994; failed=6  
2026-10-06 01:27:28 INFO  (GhidraScript) ExportShard.java> Export progress 49000/62096; success=48994; failed=6  
2026-10-06 01:27:32 INFO  (GhidraScript) ExportShard.java> Export progress 50000/62096; success=49994; failed=6  
2026-10-06 01:27:35 INFO  (GhidraScript) ExportShard.java> Export progress 51000/62096; success=50994; failed=6  
2026-10-06 01:27:39 INFO  (GhidraScript) ExportShard.java> Export progress 52000/62096; success=51994; failed=6  
2026-10-06 01:27:44 INFO  (GhidraScript) ExportShard.java> Export progress 53000/62096; success=52994; failed=6  
2026-10-06 01:27:49 INFO  (GhidraScript) ExportShard.java> Export progress 54000/62096; success=53994; failed=6  
2026-10-06 01:27:54 INFO  (GhidraScript) ExportShard.java> Export progress 55000/62096; success=54994; failed=6  
2026-10-06 01:28:01 INFO  (GhidraScript) ExportShard.java> Export progress 56000/62096; success=55994; failed=6  
2026-10-06 01:28:06 INFO  (GhidraScript) ExportShard.java> Export progress 57000/62096; success=56994; failed=6  
2026-10-06 01:28:34 INFO  (GhidraScript) ExportShard.java> Export progress 58000/62096; success=57993; failed=7  
2026-10-06 01:28:39 INFO  (GhidraScript) ExportShard.java> Export progress 59000/62096; success=58993; failed=7  
2026-10-06 01:28:47 INFO  (GhidraScript) ExportShard.java> Export progress 60000/62096; success=59993; failed=7  
2026-10-06 01:28:53 INFO  (GhidraScript) ExportShard.java> Export progress 61000/62096; success=60993; failed=7  
2026-10-06 01:29:03 INFO  (GhidraScript) ExportShard.java> Export progress 62000/62096; success=61993; failed=7  
2026-10-06 01:29:05 INFO  (GhidraScript) ExportShard.java> {
  "program": "binary",
  "requested": 62096,
  "prepared": 62096,
  "decompiled": 62089,
  "failed": 7,
  "tool": "Ghidra 12.1.4",
  "method": "Static per-range disassembly and decompilation; candidate entries from compact unwind, function starts and Objective-C metadata."
}
  
2026-10-06 01:29:09 INFO  (LocalFileSystem) /binary: file created (runner)  
2026-10-06 01:29:09 INFO  (HeadlessAnalyzer) REPORT: Save succeeded for: /binary (analysis:/binary)  
2026-10-06 01:29:09 INFO  (HeadlessAnalyzer) REPORT: Import succeeded  
