2026-10-06 01:14:45 INFO  (LoggingInitialization) Using log config file: jar:file:/home/runner/work/Snap-SS06/Snap-SS06/.work/tool/ghidra_12.1.4_PUBLIC/Ghidra/Framework/Generic/lib/Generic.jar!/generic.log4j.xml  
2026-10-06 01:14:45 INFO  (LoggingInitialization) Using log file: /home/runner/work/Snap-SS06/Snap-SS06/.work/output/decompiled/Snapchat-thin/shard-13/ghidra.log  
2026-10-06 01:14:45 DEBUG (GhidraObjectInputFilter) Including serial input filter: FileSystem/data/client.rmi.serial.filter  
2026-10-06 01:14:45 INFO  (Preferences) Loading user preferences: /home/runner/.config/ghidra/ghidra_12.1.4_PUBLIC/preferences  
2026-10-06 01:14:45 INFO  (ClassSearcher) Searching for classes...  
2026-10-06 01:14:46 INFO  (ClassSearcher) Class search complete (937 ms)  
2026-10-06 01:14:46 INFO  (DefaultSSLContextInitializer) Initializing SSL Context  
2026-10-06 01:14:47 INFO  (SecureRandomFactory) Initializing Random Number Generator...  
2026-10-06 01:14:47 INFO  (SecureRandomFactory) Random Number Generator initialization complete: NativePRNGNonBlocking  
2026-10-06 01:14:47 INFO  (DefaultTrustManagerFactory) Trust manager disabled, cacerts have not been set  
2026-10-06 01:14:47 INFO  (FileCacheMaintenanceDaemon) Starting cache cleanup: /var/tmp/runner-ghidra/fscache2  
2026-10-06 01:14:47 INFO  (FileCacheMaintenanceDaemon) Finished cache cleanup, estimated storage used: 0  
2026-10-06 01:14:47 INFO  (AnalyzeHeadless) Headless startup complete (4217 ms)  
2026-10-06 01:14:47 INFO  (ClassSearcher) Class searcher loaded 59 extension points (20 false positives)  
2026-10-06 01:14:48 INFO  (HeadlessAnalyzer) HEADLESS Script Paths:
    /home/runner/work/Snap-SS06/Snap-SS06/.work/tool/ghidra_12.1.4_PUBLIC/Ghidra/Processors/PIC/ghidra_scripts
    /home/runner/work/Snap-SS06/Snap-SS06/.work/tool/ghidra_12.1.4_PUBLIC/Ghidra/Features/MicrosoftCodeAnalyzer/ghidra_scripts
    /home/runner/work/Snap-SS06/Snap-SS06/.work/tool/ghidra_12.1.4_PUBLIC/Ghidra/Processors/JVM/ghidra_scripts
    /home/runner/work/Snap-SS06/Snap-SS06/.work/tool/ghidra_12.1.4_PUBLIC/Ghidra/Debug/Debugger-rmi-trace/ghidra_scripts
    /home/runner/work/Snap-SS06/Snap-SS06/.work/tool/ghidra_12.1.4_PUBLIC/Ghidra/Features/SwiftDemangler/ghidra_scripts
    /home/runner/work/Snap-SS06/Snap-SS06/.work/tool/ghidra_12.1.4_PUBLIC/Ghidra/Features/DecompilerDependent/ghidra_scripts
    /home/runner/work/Snap-SS06/Snap-SS06/.work/tool/ghidra_12.1.4_PUBLIC/Ghidra/Features/Base/ghidra_scripts
    /home/runner/work/Snap-SS06/Snap-SS06/.work/tool/ghidra_12.1.4_PUBLIC/Ghidra/Features/WildcardAssembler/ghidra_scripts
    /home/runner/work/Snap-SS06/Snap-SS06/.work/tool/ghidra_12.1.4_PUBLIC/Ghidra/Features/PyGhidra/ghidra_scripts
    /home/runner/work/Snap-SS06/Snap-SS06/.work/tool/ghidra_12.1.4_PUBLIC/Ghidra/Processors/8051/ghidra_scripts
    /home/runner/work/Snap-SS06/Snap-SS06/.work/tool/ghidra_12.1.4_PUBLIC/Ghidra/Features/BSim/ghidra_scripts
    /home/runner/work/Snap-SS06/Snap-SS06/.work/tool/ghidra_12.1.4_PUBLIC/Ghidra/Features/GnuDemangler/ghidra_scripts
    /home/runner/work/Snap-SS06/Snap-SS06/.work/tool/ghidra_12.1.4_PUBLIC/Ghidra/Features/BytePatterns/ghidra_scripts
    /home/runner/work/Snap-SS06/Snap-SS06/.work/tool/ghidra_12.1.4_PUBLIC/Ghidra/Features/VersionTracking/ghidra_scripts
    /home/runner/work/Snap-SS06/Snap-SS06/scripts
    /home/runner/work/Snap-SS06/Snap-SS06/.work/tool/ghidra_12.1.4_PUBLIC/Ghidra/Processors/DATA/ghidra_scripts
    /home/runner/work/Snap-SS06/Snap-SS06/.work/tool/ghidra_12.1.4_PUBLIC/Ghidra/Features/FileFormats/ghidra_scripts
    /home/runner/work/Snap-SS06/Snap-SS06/.work/tool/ghidra_12.1.4_PUBLIC/Ghidra/Features/SystemEmulation/ghidra_scripts
    /home/runner/work/Snap-SS06/Snap-SS06/.work/tool/ghidra_12.1.4_PUBLIC/Ghidra/Features/PDB/ghidra_scripts
    /home/runner/work/Snap-SS06/Snap-SS06/.work/tool/ghidra_12.1.4_PUBLIC/Ghidra/Processors/Atmel/ghidra_scripts
    /home/runner/work/Snap-SS06/Snap-SS06/.work/tool/ghidra_12.1.4_PUBLIC/Ghidra/Features/FunctionID/ghidra_scripts
    /home/runner/work/Snap-SS06/Snap-SS06/.work/tool/ghidra_12.1.4_PUBLIC/Ghidra/Features/Decompiler/ghidra_scripts
    /home/runner/work/Snap-SS06/Snap-SS06/.work/tool/ghidra_12.1.4_PUBLIC/Ghidra/Debug/Debugger/ghidra_scripts  
2026-10-06 01:14:48 INFO  (HeadlessAnalyzer) HEADLESS: execution starts  
2026-10-06 01:14:48 INFO  (HeadlessAnalyzer) Creating temporary project: /tmp/snap-ss06-ghidra-s6vxq7g5/analysis  
2026-10-06 01:14:48 DEBUG (DefaultProjectManager) No tools found; Installing default tools  
2026-10-06 01:14:48 DEBUG (DefaultProjectManager) 	no recent project directories found  
2026-10-06 01:14:48 INFO  (DefaultProject) Creating project: /tmp/snap-ss06-ghidra-s6vxq7g5/analysis  
2026-10-06 01:14:48 INFO  (HeadlessAnalyzer) REPORT: Processing input files:   
2026-10-06 01:14:48 INFO  (HeadlessAnalyzer)      project: /tmp/snap-ss06-ghidra-s6vxq7g5/analysis  
2026-10-06 01:14:48 INFO  (HeadlessAnalyzer) IMPORTING: file:///home/runner/work/Snap-SS06/Snap-SS06/.work/inputs/Snapchat-thin/binary  
2026-10-06 01:14:50 INFO  (ProgramLoader) Using Loader: Mac OS X Mach-O  
2026-10-06 01:14:50 INFO  (ProgramLoader) Using Language/Compiler: AARCH64:LE:64:AppleSilicon:swift  
2026-10-06 01:14:50 INFO  (ProgramLoader) Using Library Search Path: [., /bin, /lib, /lib64, /lib/x86_64-linux-gnu, /lib/aarch64-linux-gnu, /usr/bin, /usr/lib, /usr/X11R6/bin, /usr/X11R6/lib, /usr/java/packages/lib, /usr/lib64]  
2026-10-06 01:16:15 INFO  (ProgramLoader) Additional info:
Loading file:///home/runner/work/Snap-SS06/Snap-SS06/.work/inputs/Snapchat-thin/binary?MD5=0fc004a6f86b1cd20d5c214bf3d19a86...
Discovered 3653695 DYLD_CHAINED_PTR_64_OFFSET chained pointers.
Fixed up 3653695 chained pointers.
Skipping markup for large string at: 10f2ba5bd
DyldChainedFixupHeader> Failed to markup dyld_chained_fixups_header
binary: installed 8 objc SpecExtensions
------------------------------------------------

Linking the External Programs of 'binary' to imported libraries...
  [/System/Library/Frameworks/Foundation.framework/Foundation] -> not found in project
  [/System/Library/Frameworks/MobileCoreServices.framework/MobileCoreServices] -> not found in project
  [/System/Library/Frameworks/SystemConfiguration.framework/SystemConfiguration] -> not found in project
  [/System/Library/Frameworks/UIKit.framework/UIKit] -> not found in project
  [/System/Library/Frameworks/iAd.framework/iAd] -> not found in project
  [/System/Library/Frameworks/AppIntents.framework/AppIntents] -> not found in project
  [/System/Library/Frameworks/LinkPresentation.framework/LinkPresentation] -> not found in project
  [/usr/lib/libc++.1.dylib] -> not found in project
  [/System/Library/Frameworks/AuthenticationServices.framework/AuthenticationServices] -> not found in project
  [/System/Library/Frameworks/SafariServices.framework/SafariServices] -> not found in project
  [/System/Library/Frameworks/WebKit.framework/WebKit] -> not found in project
  [/System/Library/Frameworks/QuartzCore.framework/QuartzCore] -> not found in project
  [/System/Library/Frameworks/JavaScriptCore.framework/JavaScriptCore] -> not found in project
  [/System/Library/Frameworks/CoreGraphics.framework/CoreGraphics] -> not found in project
  [/System/Library/Frameworks/Security.framework/Security] -> not found in project
  [/System/Library/Frameworks/AppTrackingTransparency.framework/AppTrackingTransparency] -> not found in project
  [/System/Library/Frameworks/Accelerate.framework/Accelerate] -> not found in project
  [/System/Library/Frameworks/StoreKit.framework/StoreKit] -> not found in project
  [/System/Library/Frameworks/AVFoundation.framework/AVFoundation] -> not found in project
  [/System/Library/Frameworks/Photos.framework/Photos] -> not found in project
  [/System/Library/Frameworks/UserNotifications.framework/UserNotifications] -> not found in project
  [/System/Library/Frameworks/CoreMedia.framework/CoreMedia] -> not found in project
  [/System/Library/Frameworks/ARKit.framework/ARKit] -> not found in project
  [/System/Library/Frameworks/SwiftUI.framework/SwiftUI] -> not found in project
  [/System/Library/Frameworks/MapKit.framework/MapKit] -> not found in project
  [/System/Library/Frameworks/Contacts.framework/Contacts] -> not found in project
  [/System/Library/Frameworks/MessageUI.framework/MessageUI] -> not found in project
  [/System/Library/Frameworks/CoreLocation.framework/CoreLocation] -> not found in project
  [/System/Library/Frameworks/ImageIO.framework/ImageIO] -> not found in project
  [/System/Library/Frameworks/PhotosUI.framework/PhotosUI] -> not found in project
  [/System/Library/Frameworks/WidgetKit.framework/WidgetKit] -> not found in project
  [/System/Library/Frameworks/Intents.framework/Intents] -> not found in project
  [/System/Library/Frameworks/CoreText.framework/CoreText] -> not found in project
  [/System/Library/Frameworks/CoreVideo.framework/CoreVideo] -> not found in project
  [/System/Library/Frameworks/Vision.framework/Vision] -> not found in project
  [/System/Library/Frameworks/MetricKit.framework/MetricKit] -> not found in project
  [/System/Library/Frameworks/CoreFoundation.framework/CoreFoundation] -> not found in project
  [/System/Library/Frameworks/CoreImage.framework/CoreImage] -> not found in project
  [/System/Library/Frameworks/MediaPlayer.framework/MediaPlayer] -> not found in project
  [/System/Library/Frameworks/CallKit.framework/CallKit] -> not found in project
  [/System/Library/Frameworks/Combine.framework/Combine] -> not found in project
  [/System/Library/Frameworks/DeviceCheck.framework/DeviceCheck] -> not found in project
  [/System/Library/Frameworks/WatchConnectivity.framework/WatchConnectivity] -> not found in project
  [/System/Library/Frameworks/CoreMotion.framework/CoreMotion] -> not found in project
  [/System/Library/Frameworks/AdSupport.framework/AdSupport] -> not found in project
  [/System/Library/Frameworks/LocalAuthentication.framework/LocalAuthentication] -> not found in project
  [/System/Library/Frameworks/AudioToolbox.framework/AudioToolbox] -> not found in project
  [/System/Library/Frameworks/VideoToolbox.framework/VideoToolbox] -> not found in project
  [/System/Library/Frameworks/CryptoKit.framework/CryptoKit] -> not found in project
  [/System/Library/Frameworks/UniformTypeIdentifiers.framework/UniformTypeIdentifiers] -> not found in project
  [/System/Library/Frameworks/PushKit.framework/PushKit] -> not found in project
  [/System/Library/Frameworks/CoreSpotlight.framework/CoreSpotlight] -> not found in project
  [/System/Library/Frameworks/LockedCameraCapture.framework/LockedCameraCapture] -> not found in project
  [/System/Library/Frameworks/CoreServices.framework/CoreServices] -> not found in project
  [/System/Library/Frameworks/AVKit.framework/AVKit] -> not found in project
  [/System/Library/Frameworks/CoreML.framework/CoreML] -> not found in project
  [/System/Library/Frameworks/ActivityKit.framework/ActivityKit] -> not found in project
  [/System/Library/Frameworks/GLKit.framework/GLKit] -> not found in project
  [/System/Library/Frameworks/Metal.framework/Metal] -> not found in project
  [/System/Library/Frameworks/OpenGLES.framework/OpenGLES] -> not found in project
  [/System/Library/Frameworks/CoreTelephony.framework/CoreTelephony] -> not found in project
  [/System/Library/Frameworks/MetalPerformanceShaders.framework/MetalPerformanceShaders] -> not found in project
  [/System/Library/Frameworks/NaturalLanguage.framework/NaturalLanguage] -> not found in project
  [/System/Library/Frameworks/AddressBookUI.framework/AddressBookUI] -> not found in project
  [/System/Library/Frameworks/IntentsUI.framework/IntentsUI] -> not found in project
  [/System/Library/Frameworks/Messages.framework/Messages] -> not found in project
  [/System/Library/Frameworks/ReplayKit.framework/ReplayKit] -> not found in project
  [/System/Library/Frameworks/CoreData.framework/CoreData] -> not found in project
  [/System/Library/Frameworks/AdServices.framework/AdServices] -> not found in project
  [/System/Library/Frameworks/BackgroundTasks.framework/BackgroundTasks] -> not found in project
  [/System/Library/Frameworks/OSLog.framework/OSLog] -> not found in project
  [/System/Library/Frameworks/ContactsUI.framework/ContactsUI] -> not found in project
  [/System/Library/Frameworks/CoreBluetooth.framework/CoreBluetooth] -> not found in project
  [/System/Library/Frameworks/CFNetwork.framework/CFNetwork] -> not found in project
  [/System/Library/Frameworks/ExternalAccessory.framework/ExternalAccessory] -> not found in project
  [/System/Library/Frameworks/MetalKit.framework/MetalKit] -> not found in project
  [/usr/lib/libz.1.dylib] -> not found in project
  [/usr/lib/libxml2.2.dylib] -> not found in project
  [/usr/lib/libSystem.B.dylib] -> not found in project
  [/System/Library/Frameworks/IOSurface.framework/IOSurface] -> not found in project
  [/System/Library/Frameworks/AssetsLibrary.framework/AssetsLibrary] -> not found in project
  [/System/Library/Frameworks/CoreAudio.framework/CoreAudio] -> not found in project
  [/System/Library/Frameworks/MediaToolbox.framework/MediaToolbox] -> not found in project
  [/usr/lib/libresolv.9.dylib] -> not found in project
  [/System/Library/Frameworks/SensitiveContentAnalysis.framework/SensitiveContentAnalysis] -> not found in project
  [/System/Library/Frameworks/NetworkExtension.framework/NetworkExtension] -> not found in project
  [/System/Library/Frameworks/AVFAudio.framework/AVFAudio] -> not found in project
  [/usr/lib/libsqlite3.dylib] -> not found in project
  [/usr/lib/libobjc.A.dylib] -> not found in project
  [/System/Library/Frameworks/AdAttributionKit.framework/AdAttributionKit] -> not found in project
  [/System/Library/Frameworks/DeclaredAgeRange.framework/DeclaredAgeRange] -> not found in project
  [/System/Library/Frameworks/_AdAttributionKit_StoreKit.framework/_AdAttributionKit_StoreKit] -> not found in project
  [/usr/lib/swift/libswiftARKit.dylib] -> not found in project
  [/usr/lib/swift/libswiftAVFoundation.dylib] -> not found in project
  [/usr/lib/swift/libswiftAccelerate.dylib] -> not found in project
  [/usr/lib/swift/libswiftCallKit.dylib] -> not found in project
  [/usr/lib/swift/libswiftCore.dylib] -> not found in project
  [/usr/lib/swift/libswiftCoreAudio.dylib] -> not found in project
  [/usr/lib/swift/libswiftCoreFoundation.dylib] -> not found in project
  [/usr/lib/swift/libswiftCoreImage.dylib] -> not found in project
  [/usr/lib/swift/libswiftCoreLocation.dylib] -> not found in project
  [/usr/lib/swift/libswiftCoreMIDI.dylib] -> not found in project
  [/usr/lib/swift/libswiftCoreMedia.dylib] -> not found in project
  [/usr/lib/swift/libswiftDarwin.dylib] -> not found in project
  [/usr/lib/swift/libswiftDispatch.dylib] -> not found in project
  [/usr/lib/swift/libswiftGLKit.dylib] -> not found in project
  [/usr/lib/swift/libswiftIntents.dylib] -> not found in project
  [/usr/lib/swift/libswiftMapKit.dylib] -> not found in project
  [/usr/lib/swift/libswiftMetal.dylib] -> not found in project
  [/usr/lib/swift/libswiftMetalKit.dylib] -> not found in project
  [/usr/lib/swift/libswiftModelIO.dylib] -> not found in project
  [/usr/lib/swift/libswiftOSLog.dylib] -> not found in project
  [/usr/lib/swift/libswiftObjectiveC.dylib] -> not found in project
  [/usr/lib/swift/libswiftQuartzCore.dylib] -> not found in project
  [/usr/lib/swift/libswiftSceneKit.dylib] -> not found in project
  [/usr/lib/swift/libswiftSpatial.dylib] -> not found in project
  [/usr/lib/swift/libswiftSpriteKit.dylib] -> not found in project
  [/usr/lib/swift/libswiftUniformTypeIdentifiers.dylib] -> not found in project
  [/usr/lib/swift/libswiftVideoToolbox.dylib] -> not found in project
  [/usr/lib/swift/libswiftXPC.dylib] -> not found in project
  [/usr/lib/swift/libswift_Concurrency.dylib] -> not found in project
  [/usr/lib/swift/libswiftos.dylib] -> not found in project
  [/usr/lib/swift/libswiftsimd.dylib] -> not found in project
  [/usr/lib/swift/libswiftFoundation.dylib] -> not found in project
  [/usr/lib/swift/libswiftWebKit.dylib] -> not found in project
  [/usr/lib/swift/libswiftCoreGraphics.dylib] -> not found in project
  [/usr/lib/swift/libswiftPhotos.dylib] -> not found in project
  [/usr/lib/swift/libswiftPhotosUI.dylib] -> not found in project
  [/usr/lib/swift/libswiftNetwork.dylib] -> not found in project
  [/usr/lib/swift/libswiftUIKit.dylib] -> not found in project
------------------------------------------------

  
2026-10-06 01:16:15 INFO  (HeadlessAnalyzer) IMPORTING: Loaded 0 additional files  
2026-10-06 01:16:15 INFO  (HeadlessAnalyzer) REPORT: Execute script: ExportShard.java '.work/inputs/Snapchat-thin/functions-13.tsv' '/home/runner/work/Snap-SS06/Snap-SS06/.work/output/decompiled/Snapchat-thin/shard-13'   
2026-10-06 01:16:16 INFO  (HeadlessAnalyzer) SCRIPT: /home/runner/work/Snap-SS06/Snap-SS06/scripts/ExportShard.java  
2026-10-06 01:16:16 INFO  (GhidraScript) ExportShard.java> Disassembling 62097 candidate functions  
2026-10-06 01:17:28 INFO  (GhidraScript) ExportShard.java> Prepared 62097 function bodies  
2026-10-06 01:17:28 INFO  (GhidraScript) ExportShard.java> Export progress 0/62097; success=0; failed=0  
2026-10-06 01:18:01 INFO  (GhidraScript) ExportShard.java> Export progress 1000/62097; success=1000; failed=0  
2026-10-06 01:18:33 INFO  (GhidraScript) ExportShard.java> Export progress 2000/62097; success=2000; failed=0  
2026-10-06 01:19:12 WARN  (DecompileCallback) Decompiling 109d67564: Unable to read bytes at ram:20e043f74  
2026-10-06 01:19:31 WARN  (DecompileCallback) Decompiling 109d94968: Unable to read bytes at ram:20e0594a4  
2026-10-06 01:19:32 WARN  (DecompileCallback) Decompiling 109d94bb4: Unable to read bytes at ram:20e0594a4  
2026-10-06 01:19:32 WARN  (DecompileCallback) Decompiling 109d95c1c: Unable to read bytes at ram:30e059460  
2026-10-06 01:19:32 WARN  (DecompileCallback) Decompiling 109d96a8c: Unable to read bytes at ram:20e0594a4  
2026-10-06 01:19:32 WARN  (DecompileCallback) Decompiling 109d96c08: Unable to read bytes at ram:30e0594c0  
2026-10-06 01:19:32 WARN  (DecompileCallback) Decompiling 109d97614: Unable to read bytes at ram:20e0594a4  
2026-10-06 01:19:32 WARN  (DecompileCallback) Decompiling 109d976d8: Unable to read bytes at ram:20e0594a4  
2026-10-06 01:19:33 INFO  (GhidraScript) ExportShard.java> Export progress 3000/62097; success=3000; failed=0  
2026-10-06 01:19:33 WARN  (DecompileCallback) Decompiling 109da25c0: Unable to read bytes at ram:20e059aeb  
2026-10-06 01:19:56 INFO  (GhidraScript) ExportShard.java> Export progress 4000/62097; success=4000; failed=0  
2026-10-06 01:21:04 INFO  (GhidraScript) ExportShard.java> Export progress 5000/62097; success=4999; failed=1  
2026-10-06 01:23:06 INFO  (GhidraScript) ExportShard.java> Export progress 6000/62097; success=5999; failed=1  
2026-10-06 01:24:14 INFO  (GhidraScript) ExportShard.java> Export progress 7000/62097; success=6999; failed=1  
2026-10-06 01:25:10 INFO  (GhidraScript) ExportShard.java> Export progress 8000/62097; success=7998; failed=2  
2026-10-06 01:25:23 INFO  (GhidraScript) ExportShard.java> Export progress 9000/62097; success=8998; failed=2  
2026-10-06 01:26:19 INFO  (GhidraScript) ExportShard.java> Export progress 10000/62097; success=9998; failed=2  
2026-10-06 01:26:42 INFO  (GhidraScript) ExportShard.java> Export progress 11000/62097; success=10998; failed=2  
2026-10-06 01:27:28 INFO  (GhidraScript) ExportShard.java> Export progress 12000/62097; success=11998; failed=2  
2026-10-06 01:27:49 INFO  (GhidraScript) ExportShard.java> Export progress 13000/62097; success=12995; failed=5  
2026-10-06 01:28:04 INFO  (GhidraScript) ExportShard.java> Export progress 14000/62097; success=13995; failed=5  
2026-10-06 01:28:26 INFO  (GhidraScript) ExportShard.java> Export progress 15000/62097; success=14995; failed=5  
2026-10-06 01:28:46 INFO  (GhidraScript) ExportShard.java> Export progress 16000/62097; success=15995; failed=5  
2026-10-06 01:29:03 INFO  (GhidraScript) ExportShard.java> Export progress 17000/62097; success=16995; failed=5  
2026-10-06 01:29:17 INFO  (GhidraScript) ExportShard.java> Export progress 18000/62097; success=17995; failed=5  
2026-10-06 01:29:43 INFO  (GhidraScript) ExportShard.java> Export progress 19000/62097; success=18995; failed=5  
2026-10-06 01:29:56 INFO  (GhidraScript) ExportShard.java> Export progress 20000/62097; success=19995; failed=5  
2026-10-06 01:30:09 INFO  (GhidraScript) ExportShard.java> Export progress 21000/62097; success=20995; failed=5  
2026-10-06 01:32:04 INFO  (GhidraScript) ExportShard.java> Export progress 22000/62097; success=21991; failed=9  
2026-10-06 01:32:30 INFO  (GhidraScript) ExportShard.java> Export progress 23000/62097; success=22991; failed=9  
2026-10-06 01:33:08 INFO  (GhidraScript) ExportShard.java> Export progress 24000/62097; success=23991; failed=9  
2026-10-06 01:33:25 INFO  (GhidraScript) ExportShard.java> Export progress 25000/62097; success=24991; failed=9  
2026-10-06 01:33:54 INFO  (GhidraScript) ExportShard.java> Export progress 26000/62097; success=25991; failed=9  
2026-10-06 01:34:06 INFO  (GhidraScript) ExportShard.java> Export progress 27000/62097; success=26991; failed=9  
2026-10-06 01:34:22 INFO  (GhidraScript) ExportShard.java> Export progress 28000/62097; success=27991; failed=9  
2026-10-06 01:35:02 INFO  (GhidraScript) ExportShard.java> Export progress 29000/62097; success=28990; failed=10  
2026-10-06 01:36:27 INFO  (GhidraScript) ExportShard.java> Export progress 30000/62097; success=29987; failed=13  
2026-10-06 01:36:40 INFO  (GhidraScript) ExportShard.java> Export progress 31000/62097; success=30987; failed=13  
2026-10-06 01:38:07 INFO  (GhidraScript) ExportShard.java> Export progress 32000/62097; success=31984; failed=16  
2026-10-06 01:38:24 INFO  (GhidraScript) ExportShard.java> Export progress 33000/62097; success=32984; failed=16  
2026-10-06 01:39:02 INFO  (GhidraScript) ExportShard.java> Export progress 34000/62097; success=33984; failed=16  
2026-10-06 01:39:20 INFO  (GhidraScript) ExportShard.java> Export progress 35000/62097; success=34984; failed=16  
2026-10-06 01:40:12 INFO  (GhidraScript) ExportShard.java> Export progress 36000/62097; success=35983; failed=17  
2026-10-06 01:40:32 INFO  (GhidraScript) ExportShard.java> Export progress 37000/62097; success=36983; failed=17  
2026-10-06 01:40:54 INFO  (GhidraScript) ExportShard.java> Export progress 38000/62097; success=37983; failed=17  
2026-10-06 01:41:28 INFO  (GhidraScript) ExportShard.java> Export progress 39000/62097; success=38983; failed=17  
2026-10-06 01:41:51 INFO  (GhidraScript) ExportShard.java> Export progress 40000/62097; success=39983; failed=17  
2026-10-06 01:43:00 INFO  (GhidraScript) ExportShard.java> Export progress 41000/62097; success=40983; failed=17  
2026-10-06 01:43:18 INFO  (GhidraScript) ExportShard.java> Export progress 42000/62097; success=41983; failed=17  
2026-10-06 01:43:46 INFO  (GhidraScript) ExportShard.java> Export progress 43000/62097; success=42983; failed=17  
2026-10-06 01:44:15 INFO  (GhidraScript) ExportShard.java> Export progress 44000/62097; success=43983; failed=17  
2026-10-06 01:44:30 INFO  (GhidraScript) ExportShard.java> Export progress 45000/62097; success=44983; failed=17  
2026-10-06 01:45:06 INFO  (GhidraScript) ExportShard.java> Export progress 46000/62097; success=45983; failed=17  
2026-10-06 01:45:28 INFO  (GhidraScript) ExportShard.java> Export progress 47000/62097; success=46983; failed=17  
2026-10-06 01:45:49 INFO  (GhidraScript) ExportShard.java> Export progress 48000/62097; success=47983; failed=17  
2026-10-06 01:46:42 INFO  (GhidraScript) ExportShard.java> Export progress 49000/62097; success=48983; failed=17  
2026-10-06 01:47:44 INFO  (GhidraScript) ExportShard.java> Export progress 50000/62097; success=49983; failed=17  
2026-10-06 01:48:01 INFO  (GhidraScript) ExportShard.java> Export progress 51000/62097; success=50983; failed=17  
2026-10-06 01:48:28 INFO  (GhidraScript) ExportShard.java> Export progress 52000/62097; success=51983; failed=17  
2026-10-06 01:49:00 INFO  (GhidraScript) ExportShard.java> Export progress 53000/62097; success=52983; failed=17  
2026-10-06 01:49:18 INFO  (GhidraScript) ExportShard.java> Export progress 54000/62097; success=53983; failed=17  
2026-10-06 01:49:33 INFO  (GhidraScript) ExportShard.java> Export progress 55000/62097; success=54983; failed=17  
2026-10-06 01:49:40 INFO  (GhidraScript) ExportShard.java> Export progress 56000/62097; success=55983; failed=17  
2026-10-06 01:49:55 INFO  (GhidraScript) ExportShard.java> Export progress 57000/62097; success=56983; failed=17  
2026-10-06 01:50:02 INFO  (GhidraScript) ExportShard.java> Export progress 58000/62097; success=57983; failed=17  
2026-10-06 01:50:30 INFO  (GhidraScript) ExportShard.java> Export progress 59000/62097; success=58983; failed=17  
2026-10-06 01:50:40 INFO  (GhidraScript) ExportShard.java> Export progress 60000/62097; success=59983; failed=17  
2026-10-06 01:50:51 INFO  (GhidraScript) ExportShard.java> Export progress 61000/62097; success=60983; failed=17  
2026-10-06 01:50:54 INFO  (GhidraScript) ExportShard.java> Export progress 62000/62097; success=61983; failed=17  
2026-10-06 01:50:55 INFO  (GhidraScript) ExportShard.java> {
  "program": "binary",
  "requested": 62097,
  "prepared": 62097,
  "decompiled": 62080,
  "failed": 17,
  "tool": "Ghidra 12.1.4",
  "method": "Static per-range disassembly and decompilation; candidate entries from compact unwind, function starts and Objective-C metadata."
}
  
2026-10-06 01:50:59 INFO  (LocalFileSystem) /binary: file created (runner)  
2026-10-06 01:50:59 INFO  (HeadlessAnalyzer) REPORT: Save succeeded for: /binary (analysis:/binary)  
2026-10-06 01:50:59 INFO  (HeadlessAnalyzer) REPORT: Import succeeded  
